<html>
<body>
<pre>
<h1>µVision Build Log</h1>
<h2>Tool Versions:</h2>
IDE-Version: ¶ÃVision V5.30.0.0
Copyright (C) 2020 ARM Ltd and ARM Germany GmbH. All rights reserved.
License Information: Kevin Joseph, JosephKevin, LIC=UJWP0-BJCIU-VEAHA-15422-IYFSW-QTV2F
 
Tool Versions:
Toolchain:       MDK-ARM Plus  Version: 5.30.0.0
Toolchain Path:  D:\UserSoftware\Keil_v5\ARM\ARMCC\Bin
C Compiler:      Armcc.exe V5.06 update 6 (build 750)
Assembler:       Armasm.exe V5.06 update 6 (build 750)
Linker/Locator:  ArmLink.exe V5.06 update 6 (build 750)
Library Manager: ArmAr.exe V5.06 update 6 (build 750)
Hex Converter:   FromElf.exe V5.06 update 6 (build 750)
CPU DLL:         SARMCM3.DLL V5.30.0.0
Dialog DLL:      DCM.DLL V1.17.3.0
Target DLL:      Segger\JL2CM3.dll V2.99.38.0
Dialog DLL:      TCM.DLL V1.42.0.0
 
<h2>Project:</h2>
C:\Users\zhanglong\Desktop\STM32H743_AMOLED\MDK-ARM\STM32H743_AMOLED.uvprojx
Project File Date:  06/19/2024

<h2>Output:</h2>
*** Using Compiler 'V5.06 update 6 (build 750)', folder: 'D:\UserSoftware\Keil_v5\ARM\ARMCC\Bin'
Build target 'STM32H743_AMOLED'
assembling startup_stm32h743xx.s...
compiling stm32h7xx_it.c...
compiling stm32h7xx_hal_hsem.c...
compiling stm32h7xx_hal_cortex.c...
compiling gpio.c...
compiling quadspi.c...
compiling stm32h7xx_hal_gpio.c...
compiling usart.c...
compiling stm32h7xx_hal_flash.c...
compiling stm32h7xx_hal_msp.c...
compiling stm32h7xx_hal_flash_ex.c...
compiling main.c...
../AMOLED_driver/touch_driver.h(48): warning:  #1-D: last line of file ends without a newline
  #endif /* touch_driver! */
../AMOLED_driver/touch_driver.h(48): warning:  #1-D: last line of file ends without a newline
  #endif /* touch_driver! */
../Core/Src/main.c(104): warning:  #188-D: enumerated type mixed with another type
      HAL_GPIO_WritePin(UserLED_GPIO_Port, UserLED_Pin, 0);
../Core/Src/main.c(106): warning:  #188-D: enumerated type mixed with another type
      HAL_GPIO_WritePin(UserLED_GPIO_Port, UserLED_Pin, 1);
../Core/Src/main.c: 4 warnings, 0 errors
compiling stm32h7xx_hal_rcc.c...
compiling stm32h7xx_hal_rcc_ex.c...
compiling stm32h7xx_hal_tim_ex.c...
compiling stm32h7xx_hal_exti.c...
compiling stm32h7xx_hal_tim.c...
compiling stm32h7xx_hal_qspi.c...
compiling stm32h7xx_hal_i2c_ex.c...
compiling stm32h7xx_hal.c...
compiling stm32h7xx_hal_mdma.c...
compiling stm32h7xx_hal_pwr.c...
compiling stm32h7xx_hal_dma_ex.c...
compiling stm32h7xx_hal_uart.c...
compiling stm32h7xx_hal_i2c.c...
compiling stm32h7xx_hal_pwr_ex.c...
compiling stm32h7xx_hal_dma.c...
compiling delay.c...
compiling touch_driver.c...
..\AMOLED_driver\touch_driver.h(48): warning:  #1-D: last line of file ends without a newline
  #endif /* touch_driver! */
..\AMOLED_driver\touch_driver.h(48): warning:  #1-D: last line of file ends without a newline
  #endif /* touch_driver! */
..\AMOLED_driver\touch_driver.c(36): warning:  #177-D: variable "i"  was declared but never referenced
  	unsigned char i=0;
..\AMOLED_driver\touch_driver.c(153): warning:  #111-D: statement is unreachable
  	AMOLED_Clear(WHITE);//GREEN);//«Â∆¡   
..\AMOLED_driver\touch_driver.c(158): warning:  #1-D: last line of file ends without a newline
  }	
..\AMOLED_driver\touch_driver.c(112): warning:  #177-D: variable "key"  was declared but never referenced
  	unsigned char key;
..\AMOLED_driver\touch_driver.c(115): warning:  #177-D: variable "i"  was declared but never referenced
  	int i=0;
..\AMOLED_driver\touch_driver.c: 7 warnings, 0 errors
compiling system_stm32h7xx.c...
compiling FT3x68.c...
..\AMOLED_driver\touch_driver.h(48): warning:  #1-D: last line of file ends without a newline
  #endif /* touch_driver! */
..\AMOLED_driver\FT3x68.c(69): warning:  #940-D: missing return statement at end of non-void function "fts_read" 
  }
..\AMOLED_driver\FT3x68.c(85): warning:  #225-D: the format string ends before this argument
    printf("FT3X68_Initial...\r\n",((int)temp[0]<<8)+temp[1]);	
..\AMOLED_driver\FT3x68.c(119): warning:  #177-D: variable "temp0"  was declared but never referenced
  	uint8_t temp,temp0;
..\AMOLED_driver\FT3x68.c: 4 warnings, 0 errors
compiling stm32h7xx_hal_uart_ex.c...
compiling softwareI2C_driver.c...
..\AMOLED_driver\softwareI2C_driver.c(153): warning:  #1-D: last line of file ends without a newline
  }
..\AMOLED_driver\softwareI2C_driver.c: 1 warning, 0 errors
compiling amoled_driver.c...
linking...
Program Size: Code=16592 RO-data=30044 RW-data=116 ZI-data=166116  
FromELF: creating hex file...
"STM32H743_AMOLED\STM32H743_AMOLED.axf" - 0 Error(s), 16 Warning(s).

<h2>Software Packages used:</h2>

Package Vendor: ARM
                http://www.keil.com/pack/ARM.CMSIS.5.7.0.pack
                ARM.CMSIS.5.7.0
                CMSIS (Cortex Microcontroller Software Interface Standard)
   * Component: CORE Version: 5.4.0

Package Vendor: Keil
                https://www.keil.com/pack/Keil.STM32H7xx_DFP.2.3.0.pack
                Keil.STM32H7xx_DFP.2.3.0
                STMicroelectronics STM32H7 Series Device Support and Examples

<h2>Collection of Component include folders:</h2>
  .\RTE\_STM32H743_AMOLED
  D:\UserSoftware\Keil_v5\ARM\CMSIS\5.7.0\CMSIS\Core\Include
  D:\UserSoftware\Keil_v5\Keil\STM32H7xx_DFP\2.3.0\Drivers\CMSIS\Device\ST\STM32H7xx\Include

<h2>Collection of Component Files used:</h2>

   * Component: ARM::CMSIS:CORE:5.4.0
      Include file:  CMSIS\Core\Include\tz_context.h
Build Time Elapsed:  00:00:41
</pre>
</body>
</html>
